PyTorch conda environment for use with DeltaAI (CUDA 12.9)

Includes: jupyter, jupyterlab, matplotlib, pandas, scipy,
          scikit-learn, nvitop, mpi4py, tensorboard, wandb

Quick start (on compute node):
  module load python/miniforge3_pytorch/2.10.0
  conda activate base
  python -c "import torch; print(torch.cuda.is_available())"

For Jupyter notebook support (Open OnDemand):
  setup-kernel

sentence-transformers not installed; falling back to random distractors
sentence-transformers not installed; falling back to random distractors
[2026-04-19T02:57:20.960] error: *** JOB 2158920 ON gh049 CANCELLED AT 2026-04-19T02:57:20 DUE to SIGNAL Terminated ***
Single-step annotation failed: Server disconnected without sending a response.
Single-step annotation failed: [Errno 111] Connection refused
Single-step annotation failed: [Errno 111] Connection refused
Single-step annotation failed: [Errno 111] Connection refused
Single-step annotation failed: [Errno 111] Connection refused
Single-step annotation failed: [Errno 111] Connection refused
Single-step annotation failed: [Errno 111] Connection refused
Single-step annotation failed: [Errno 111] Connection refused
Single-step annotation failed: [Errno 111] Connection refused
Single-step annotation failed: [Errno 111] Connection refused
Single-step annotation failed: [Errno 111] Connection refused
Single-step annotation failed: [Errno 111] Connection refused
Single-step annotation failed: [Errno 111] Connection refused
Single-step annotation failed: [Errno 111] Connection refused
Single-step annotation failed: [Errno 111] Connection refused
Single-step annotation failed: [Errno 111] Connection refused
Single-step annotation failed: [Errno 111] Connection refused
Single-step annotation failed: [Errno 111] Connection refused
Single-step annotation failed: [Errno 111] Connection refused
Single-step annotation failed: [Errno 111] Connection refused
Single-step annotation failed: [Errno 111] Connection refused
Single-step annotation failed: [Errno 111] Connection refused
Single-step annotation failed: [Errno 111] Connection refused
Single-step annotation failed: [Errno 111] Connection refused
Single-step annotation failed: [Errno 111] Connection refused
Single-step annotation failed: [Errno 111] Connection refused
Single-step annotation failed: [Errno 111] Connection refused
Single-step annotation failed: [Errno 111] Connection refused
Single-step annotation failed: [Errno 111] Connection refused
Single-step annotation failed: [Errno 111] Connection refused
Single-step annotation failed: [Errno 111] Connection refused
Single-step annotation failed: [Errno 111] Connection refused
Single-step annotation failed: [Errno 111] Connection refused
Single-step annotation failed: [Errno 111] Connection refused
Single-step annotation failed: [Errno 111] Connection refused
Single-step annotation failed: [Errno 111] Connection refused
Single-step annotation failed: [Errno 111] Connection refused
Single-step annotation failed: [Errno 111] Connection refused
Single-step annotation failed: [Errno 111] Connection refused
Single-step annotation failed: [Errno 111] Connection refused
Single-step annotation failed: [Errno 111] Connection refused
Single-step annotation failed: [Errno 111] Connection refused
Single-step annotation failed: [Errno 111] Connection refused
Single-step annotation failed: [Errno 111] Connection refused
Single-step annotation failed: [Errno 111] Connection refused
Single-step annotation failed: [Errno 111] Connection refused
Single-step annotation failed: [Errno 111] Connection refused
Single-step annotation failed: [Errno 111] Connection refused
Single-step annotation failed: [Errno 111] Connection refused
Single-step annotation failed: [Errno 111] Connection refused
Single-step annotation failed: [Errno 111] Connection refused
Single-step annotation failed: [Errno 111] Connection refused
Single-step annotation failed: [Errno 111] Connection refused
Single-step annotation failed: [Errno 111] Connection refused
Single-step annotation failed: [Errno 111] Connection refused
Single-step annotation failed: [Errno 111] Connection refused
Single-step annotation failed: [Errno 111] Connection refused
Single-step annotation failed: [Errno 111] Connection refused
Single-step annotation failed: [Errno 111] Connection refused
Single-step annotation failed: [Errno 111] Connection refused
Single-step annotation failed: [Errno 111] Connection refused
Single-step annotation failed: [Errno 111] Connection refused
Single-step annotation failed: [Errno 111] Connection refused
Single-step annotation failed: [Errno 111] Connection refused
Single-step annotation failed: [Errno 111] Connection refused
Single-step annotation failed: [Errno 111] Connection refused
Single-step annotation failed: [Errno 111] Connection refused
Single-step annotation failed: [Errno 111] Connection refused
Single-step annotation failed: [Errno 111] Connection refused
Single-step annotation failed: [Errno 111] Connection refused
Single-step annotation failed: [Errno 111] Connection refused
Single-step annotation failed: [Errno 111] Connection refused
Single-step annotation failed: [Errno 111] Connection refused
Single-step annotation failed: [Errno 111] Connection refused
Single-step annotation failed: [Errno 111] Connection refused
Single-step annotation failed: [Errno 111] Connection refused
Single-step annotation failed: [Errno 111] Connection refused
Single-step annotation failed: [Errno 111] Connection refused
Single-step annotation failed: [Errno 111] Connection refused
Single-step annotation failed: [Errno 111] Connection refused
Single-step annotation failed: [Errno 111] Connection refused
Single-step annotation failed: [Errno 111] Connection refused
Single-step annotation failed: [Errno 111] Connection refused
Single-step annotation failed: [Errno 111] Connection refused
Single-step annotation failed: [Errno 111] Connection refused
Single-step annotation failed: [Errno 111] Connection refused
Single-step annotation failed: [Errno 111] Connection refused
Single-step annotation failed: [Errno 111] Connection refused
Single-step annotation failed: [Errno 111] Connection refused
Single-step annotation failed: [Errno 111] Connection refused
Single-step annotation failed: [Errno 111] Connection refused
Single-step annotation failed: [Errno 111] Connection refused
Single-step annotation failed: [Errno 111] Connection refused
Single-step annotation failed: [Errno 111] Connection refused
Single-step annotation failed: [Errno 111] Connection refused
Single-step annotation failed: [Errno 111] Connection refused
Single-step annotation failed: [Errno 111] Connection refused
Single-step annotation failed: [Errno 111] Connection refused
Single-step annotation failed: [Errno 111] Connection refused
Single-step annotation failed: [Errno 111] Connection refused
Single-step annotation failed: [Errno 111] Connection refused
Single-step annotation failed: [Errno 111] Connection refused
Single-step annotation failed: [Errno 111] Connection refused
Single-step annotation failed: [Errno 111] Connection refused
Single-step annotation failed: [Errno 111] Connection refused
Single-step annotation failed: [Errno 111] Connection refused
Single-step annotation failed: [Errno 111] Connection refused
Single-step annotation failed: [Errno 111] Connection refused
Single-step annotation failed: [Errno 111] Connection refused
Single-step annotation failed: [Errno 111] Connection refused
Single-step annotation failed: [Errno 111] Connection refused
Single-step annotation failed: [Errno 111] Connection refused
Single-step annotation failed: [Errno 111] Connection refused
Single-step annotation failed: [Errno 111] Connection refused
Single-step annotation failed: [Errno 111] Connection refused
Single-step annotation failed: [Errno 111] Connection refused
Single-step annotation failed: [Errno 111] Connection refused
Single-step annotation failed: [Errno 111] Connection refused
Single-step annotation failed: [Errno 111] Connection refused
Single-step annotation failed: [Errno 111] Connection refused
Single-step annotation failed: [Errno 111] Connection refused
Single-step annotation failed: [Errno 111] Connection refused
Single-step annotation failed: [Errno 111] Connection refused
Single-step annotation failed: [Errno 111] Connection refused
Single-step annotation failed: [Errno 111] Connection refused
Single-step annotation failed: [Errno 111] Connection refused
Single-step annotation failed: [Errno 111] Connection refused
Single-step annotation failed: [Errno 111] Connection refused
Single-step annotation failed: [Errno 111] Connection refused
Single-step annotation failed: [Errno 111] Connection refused
Single-step annotation failed: [Errno 111] Connection refused
Single-step annotation failed: [Errno 111] Connection refused
Single-step annotation failed: [Errno 111] Connection refused
Single-step annotation failed: [Errno 111] Connection refused
Single-step annotation failed: [Errno 111] Connection refused
Single-step annotation failed: [Errno 111] Connection refused
Single-step annotation failed: [Errno 111] Connection refused
Single-step annotation failed: [Errno 111] Connection refused
Single-step annotation failed: [Errno 111] Connection refused
Single-step annotation failed: [Errno 111] Connection refused
Single-step annotation failed: [Errno 111] Connection refused
Single-step annotation failed: [Errno 111] Connection refused
Single-step annotation failed: [Errno 111] Connection refused
Single-step annotation failed: [Errno 111] Connection refused
Single-step annotation failed: [Errno 111] Connection refused
Single-step annotation failed: [Errno 111] Connection refused
Single-step annotation failed: [Errno 111] Connection refused
Single-step annotation failed: [Errno 111] Connection refused
Single-step annotation failed: [Errno 111] Connection refused
Single-step annotation failed: [Errno 111] Connection refused
Single-step annotation failed: [Errno 111] Connection refused
Single-step annotation failed: [Errno 111] Connection refused
Single-step annotation failed: [Errno 111] Connection refused
Single-step annotation failed: [Errno 111] Connection refused
Single-step annotation failed: [Errno 111] Connection refused
Single-step annotation failed: [Errno 111] Connection refused
Single-step annotation failed: [Errno 111] Connection refused
Single-step annotation failed: [Errno 111] Connection refused
Single-step annotation failed: [Errno 111] Connection refused
Single-step annotation failed: [Errno 111] Connection refused
Single-step annotation failed: [Errno 111] Connection refused
Single-step annotation failed: [Errno 111] Connection refused
Single-step annotation failed: [Errno 111] Connection refused
Single-step annotation failed: [Errno 111] Connection refused
Single-step annotation failed: [Errno 111] Connection refused
Single-step annotation failed: [Errno 111] Connection refused
Single-step annotation failed: [Errno 111] Connection refused
Single-step annotation failed: [Errno 111] Connection refused
Single-step annotation failed: [Errno 111] Connection refused
Single-step annotation failed: [Errno 111] Connection refused
Single-step annotation failed: [Errno 111] Connection refused
Single-step annotation failed: [Errno 111] Connection refused
Single-step annotation failed: [Errno 111] Connection refused
Single-step annotation failed: [Errno 111] Connection refused
Single-step annotation failed: [Errno 111] Connection refused
Single-step annotation failed: [Errno 111] Connection refused
Single-step annotation failed: [Errno 111] Connection refused
Single-step annotation failed: [Errno 111] Connection refused
Single-step annotation failed: [Errno 111] Connection refused
Single-step annotation failed: [Errno 111] Connection refused
Single-step annotation failed: [Errno 111] Connection refused
Single-step annotation failed: [Errno 111] Connection refused
Single-step annotation failed: [Errno 111] Connection refused
Single-step annotation failed: [Errno 111] Connection refused
Single-step annotation failed: [Errno 111] Connection refused
Single-step annotation failed: [Errno 111] Connection refused
Single-step annotation failed: [Errno 111] Connection refused
Single-step annotation failed: [Errno 111] Connection refused
Single-step annotation failed: [Errno 111] Connection refused
Single-step annotation failed: [Errno 111] Connection refused
Single-step annotation failed: [Errno 111] Connection refused
Single-step annotation failed: [Errno 111] Connection refused
Single-step annotation failed: [Errno 111] Connection refused
Single-step annotation failed: [Errno 111] Connection refused
Single-step annotation failed: [Errno 111] Connection refused
Single-step annotation failed: [Errno 111] Connection refused
Single-step annotation failed: [Errno 111] Connection refused
Single-step annotation failed: [Errno 111] Connection refused
Single-step annotation failed: [Errno 111] Connection refused
Single-step annotation failed: [Errno 111] Connection refused
Single-step annotation failed: [Errno 111] Connection refused
Single-step annotation failed: [Errno 111] Connection refused
Single-step annotation failed: [Errno 111] Connection refused
Single-step annotation failed: [Errno 111] Connection refused
Single-step annotation failed: [Errno 111] Connection refused
Single-step annotation failed: [Errno 111] Connection refused
Single-step annotation failed: [Errno 111] Connection refused
Single-step annotation failed: [Errno 111] Connection refused
Single-step annotation failed: [Errno 111] Connection refused
Single-step annotation failed: [Errno 111] Connection refused
Single-step annotation failed: [Errno 111] Connection refused
Single-step annotation failed: [Errno 111] Connection refused
Single-step annotation failed: [Errno 111] Connection refused
Single-step annotation failed: [Errno 111] Connection refused
Single-step annotation failed: [Errno 111] Connection refused
Single-step annotation failed: [Errno 111] Connection refused
Single-step annotation failed: [Errno 111] Connection refused
Single-step annotation failed: [Errno 111] Connection refused
Single-step annotation failed: [Errno 111] Connection refused
Single-step annotation failed: [Errno 111] Connection refused
Single-step annotation failed: [Errno 111] Connection refused
Single-step annotation failed: [Errno 111] Connection refused
Single-step annotation failed: [Errno 111] Connection refused
Single-step annotation failed: [Errno 111] Connection refused
Single-step annotation failed: [Errno 111] Connection refused
Single-step annotation failed: [Errno 111] Connection refused
Single-step annotation failed: [Errno 111] Connection refused
Single-step annotation failed: [Errno 111] Connection refused
Single-step annotation failed: [Errno 111] Connection refused
Single-step annotation failed: [Errno 111] Connection refused
Single-step annotation failed: [Errno 111] Connection refused
Single-step annotation failed: [Errno 111] Connection refused
Single-step annotation failed: [Errno 111] Connection refused
Single-step annotation failed: [Errno 111] Connection refused
Single-step annotation failed: [Errno 111] Connection refused
Single-step annotation failed: [Errno 111] Connection refused
Single-step annotation failed: [Errno 111] Connection refused
Single-step annotation failed: [Errno 111] Connection refused
Single-step annotation failed: [Errno 111] Connection refused
Single-step annotation failed: [Errno 111] Connection refused
Single-step annotation failed: [Errno 111] Connection refused
Single-step annotation failed: [Errno 111] Connection refused
Single-step annotation failed: [Errno 111] Connection refused
Single-step annotation failed: [Errno 111] Connection refused
Single-step annotation failed: [Errno 111] Connection refused
Single-step annotation failed: [Errno 111] Connection refused
Single-step annotation failed: [Errno 111] Connection refused
Single-step annotation failed: [Errno 111] Connection refused
Single-step annotation failed: [Errno 111] Connection refused
Single-step annotation failed: [Errno 111] Connection refused
Single-step annotation failed: [Errno 111] Connection refused
Single-step annotation failed: [Errno 111] Connection refused
Single-step annotation failed: [Errno 111] Connection refused
Single-step annotation failed: [Errno 111] Connection refused
Single-step annotation failed: [Errno 111] Connection refused
Single-step annotation failed: [Errno 111] Connection refused
Single-step annotation failed: [Errno 111] Connection refused
Single-step annotation failed: [Errno 111] Connection refused
Single-step annotation failed: [Errno 111] Connection refused
Single-step annotation failed: [Errno 111] Connection refused
Single-step annotation failed: [Errno 111] Connection refused
Single-step annotation failed: [Errno 111] Connection refused
Single-step annotation failed: [Errno 111] Connection refused
Single-step annotation failed: [Errno 111] Connection refused
Single-step annotation failed: [Errno 111] Connection refused
Single-step annotation failed: [Errno 111] Connection refused
Single-step annotation failed: [Errno 111] Connection refused
Single-step annotation failed: [Errno 111] Connection refused
Single-step annotation failed: [Errno 111] Connection refused
Single-step annotation failed: [Errno 111] Connection refused
Single-step annotation failed: [Errno 111] Connection refused
Single-step annotation failed: [Errno 111] Connection refused
Single-step annotation failed: [Errno 111] Connection refused
Single-step annotation failed: [Errno 111] Connection refused
Single-step annotation failed: [Errno 111] Connection refused
Single-step annotation failed: [Errno 111] Connection refused
Single-step annotation failed: [Errno 111] Connection refused
Single-step annotation failed: [Errno 111] Connection refused
Single-step annotation failed: [Errno 111] Connection refused
Single-step annotation failed: [Errno 111] Connection refused
Single-step annotation failed: [Errno 111] Connection refused
Single-step annotation failed: [Errno 111] Connection refused
Single-step annotation failed: [Errno 111] Connection refused
Single-step annotation failed: [Errno 111] Connection refused
Single-step annotation failed: [Errno 111] Connection refused
Single-step annotation failed: [Errno 111] Connection refused
Single-step annotation failed: [Errno 111] Connection refused
Single-step annotation failed: [Errno 111] Connection refused
Single-step annotation failed: [Errno 111] Connection refused
Single-step annotation failed: [Errno 111] Connection refused
Single-step annotation failed: [Errno 111] Connection refused
Single-step annotation failed: [Errno 111] Connection refused
Single-step annotation failed: [Errno 111] Connection refused
Single-step annotation failed: [Errno 111] Connection refused
Single-step annotation failed: [Errno 111] Connection refused
Single-step annotation failed: [Errno 111] Connection refused
Single-step annotation failed: [Errno 111] Connection refused
Single-step annotation failed: [Errno 111] Connection refused
Single-step annotation failed: [Errno 111] Connection refused
Single-step annotation failed: [Errno 111] Connection refused
Single-step annotation failed: [Errno 111] Connection refused
Single-step annotation failed: [Errno 111] Connection refused
Single-step annotation failed: [Errno 111] Connection refused
Single-step annotation failed: [Errno 111] Connection refused
Single-step annotation failed: [Errno 111] Connection refused
Single-step annotation failed: [Errno 111] Connection refused
Single-step annotation failed: [Errno 111] Connection refused
Single-step annotation failed: [Errno 111] Connection refused
Single-step annotation failed: [Errno 111] Connection refused
Single-step annotation failed: [Errno 111] Connection refused
Single-step annotation failed: [Errno 111] Connection refused
Single-step annotation failed: [Errno 111] Connection refused
Single-step annotation failed: [Errno 111] Connection refused
Single-step annotation failed: [Errno 111] Connection refused
Single-step annotation failed: [Errno 111] Connection refused
Single-step annotation failed: [Errno 111] Connection refused
Single-step annotation failed: [Errno 111] Connection refused
Single-step annotation failed: [Errno 111] Connection refused
Single-step annotation failed: [Errno 111] Connection refused
Single-step annotation failed: [Errno 111] Connection refused
Single-step annotation failed: [Errno 111] Connection refused
Single-step annotation failed: [Errno 111] Connection refused
Single-step annotation failed: [Errno 111] Connection refused
Single-step annotation failed: [Errno 111] Connection refused
Single-step annotation failed: [Errno 111] Connection refused
Single-step annotation failed: [Errno 111] Connection refused
Single-step annotation failed: [Errno 111] Connection refused
Single-step annotation failed: [Errno 111] Connection refused
Single-step annotation failed: [Errno 111] Connection refused
Single-step annotation failed: [Errno 111] Connection refused
Single-step annotation failed: [Errno 111] Connection refused
Single-step annotation failed: [Errno 111] Connection refused
Single-step annotation failed: [Errno 111] Connection refused
Single-step annotation failed: [Errno 111] Connection refused
Single-step annotation failed: [Errno 111] Connection refused
Single-step annotation failed: [Errno 111] Connection refused
Single-step annotation failed: [Errno 111] Connection refused
Single-step annotation failed: [Errno 111] Connection refused
Single-step annotation failed: [Errno 111] Connection refused
Single-step annotation failed: [Errno 111] Connection refused
Single-step annotation failed: [Errno 111] Connection refused
Single-step annotation failed: [Errno 111] Connection refused
Single-step annotation failed: [Errno 111] Connection refused
Single-step annotation failed: [Errno 111] Connection refused
Single-step annotation failed: [Errno 111] Connection refused
Single-step annotation failed: [Errno 111] Connection refused
Single-step annotation failed: [Errno 111] Connection refused
Single-step annotation failed: [Errno 111] Connection refused
Single-step annotation failed: [Errno 111] Connection refused
Single-step annotation failed: [Errno 111] Connection refused
Single-step annotation failed: [Errno 111] Connection refused
Single-step annotation failed: [Errno 111] Connection refused
Single-step annotation failed: [Errno 111] Connection refused
Single-step annotation failed: [Errno 111] Connection refused
Single-step annotation failed: [Errno 111] Connection refused
Single-step annotation failed: [Errno 111] Connection refused
Single-step annotation failed: [Errno 111] Connection refused
Single-step annotation failed: [Errno 111] Connection refused
Single-step annotation failed: [Errno 111] Connection refused
Single-step annotation failed: [Errno 111] Connection refused
Single-step annotation failed: [Errno 111] Connection refused
Single-step annotation failed: [Errno 111] Connection refused
Single-step annotation failed: [Errno 111] Connection refused
Single-step annotation failed: [Errno 111] Connection refused
Single-step annotation failed: [Errno 111] Connection refused
Single-step annotation failed: [Errno 111] Connection refused
Single-step annotation failed: [Errno 111] Connection refused
Single-step annotation failed: [Errno 111] Connection refused
Single-step annotation failed: [Errno 111] Connection refused
Single-step annotation failed: [Errno 111] Connection refused
Single-step annotation failed: [Errno 111] Connection refused
Single-step annotation failed: [Errno 111] Connection refused
Single-step annotation failed: [Errno 111] Connection refused
Single-step annotation failed: [Errno 111] Connection refused
Single-step annotation failed: [Errno 111] Connection refused
Single-step annotation failed: [Errno 111] Connection refused
Single-step annotation failed: [Errno 111] Connection refused
Single-step annotation failed: [Errno 111] Connection refused
Single-step annotation failed: [Errno 111] Connection refused
Single-step annotation failed: [Errno 111] Connection refused
Single-step annotation failed: [Errno 111] Connection refused
Single-step annotation failed: [Errno 111] Connection refused
Single-step annotation failed: [Errno 111] Connection refused
Single-step annotation failed: [Errno 111] Connection refused
Single-step annotation failed: [Errno 111] Connection refused
Single-step annotation failed: [Errno 111] Connection refused
Single-step annotation failed: [Errno 111] Connection refused
Single-step annotation failed: [Errno 111] Connection refused
Single-step annotation failed: [Errno 111] Connection refused
Single-step annotation failed: [Errno 111] Connection refused
Single-step annotation failed: [Errno 111] Connection refused
Single-step annotation failed: [Errno 111] Connection refused
Single-step annotation failed: [Errno 111] Connection refused
Single-step annotation failed: [Errno 111] Connection refused
